#-----------------------------------------------------------
# Vivado v2014.2 (64-bit)
# SW Build 932637 on Wed Jun 11 13:33:10 MDT 2014
# IP Build 924643 on Fri May 30 09:20:16 MDT 2014
# Start of session at: Mon Dec 29 16:22:15 2014
# Process ID: 4396
# Log file: C:/Users/Lenovo/Desktop/linangame7/linan_game/vivado.log
# Journal file: C:/Users/Lenovo/Desktop/linangame7/linan_game\vivado.jou
#-----------------------------------------------------------
start_gui
open_project {C:\Users\Lenovo\Desktop\linangame7\linan_game\project_2.xpr}
reset_run synth_1
launch_runs synth_1
wait_on_run synth_1
open_run synth_1 -name netlist_1
reset_run impl_1
launch_runs impl_1 -to_step write_bitstream
wait_on_run impl_1
open_hw
connect_hw_server -host localhost -port 60001 -url localhost:3121
current_hw_target [get_hw_targets */xilinx_tcf/Digilent/210274505387A]
set_property PARAM.FREQUENCY 15000000 [get_hw_targets */xilinx_tcf/Digilent/210274505387A]
open_hw_target
set_property PROGRAM.FILE {C:/Users/Lenovo/Desktop/linangame7/linan_game/project_2.runs/impl_1/top_soccer.bit} [lindex [get_hw_devices] 0]
set_property PROBES.FILE {C:/Users/Lenovo/Desktop/linangame7/linan_game/project_2.runs/impl_1/debug_nets.ltx} [lindex [get_hw_devices] 0]
current_hw_device [lindex [get_hw_devices] 0]
refresh_hw_device -update_hw_probes false [lindex [get_hw_devices] 0]
set_property PROBES.FILE {C:/Users/Lenovo/Desktop/linangame7/linan_game/project_2.runs/impl_1/debug_nets.ltx} [lindex [get_hw_devices] 0]
set_property PROGRAM.FILE {C:/Users/Lenovo/Desktop/linangame7/linan_game/project_2.runs/impl_1/top_soccer.bit} [lindex [get_hw_devices] 0]
program_hw_devices [lindex [get_hw_devices] 0]
refresh_hw_device [lindex [get_hw_devices] 0]
reset_run synth_1
launch_runs impl_1 -to_step write_bitstream
wait_on_run impl_1
set_property PROBES.FILE {C:/Users/Lenovo/Desktop/linangame7/linan_game/project_2.runs/impl_1/debug_nets.ltx} [lindex [get_hw_devices] 0]
set_property PROGRAM.FILE {C:/Users/Lenovo/Desktop/linangame7/linan_game/project_2.runs/impl_1/top_soccer.bit} [lindex [get_hw_devices] 0]
program_hw_devices [lindex [get_hw_devices] 0]
refresh_hw_device [lindex [get_hw_devices] 0]
reset_run synth_1
launch_runs synth_1
wait_on_run synth_1
close_design
open_run synth_1 -name netlist_1
startgroup
set_property package_pin L1 [get_ports {an[6]}]
endgroup
startgroup
set_property package_pin M1 [get_ports {an[7]}]
endgroup
set_property iostandard LVCMOS33 [get_ports [list {an[7]}]]
set_property iostandard LVCMOS33 [get_ports [list {an[6]}]]
save_constraints
reset_run impl_1
launch_runs impl_1 -to_step write_bitstream
wait_on_run impl_1
set_property PROBES.FILE {C:/Users/Lenovo/Desktop/linangame7/linan_game/project_2.runs/impl_1/debug_nets.ltx} [lindex [get_hw_devices] 0]
set_property PROGRAM.FILE {C:/Users/Lenovo/Desktop/linangame7/linan_game/project_2.runs/impl_1/top_soccer.bit} [lindex [get_hw_devices] 0]
program_hw_devices [lindex [get_hw_devices] 0]
refresh_hw_device [lindex [get_hw_devices] 0]
reset_run impl_1 -prev_step 
launch_runs impl_1 -to_step write_bitstream
wait_on_run impl_1
reset_run synth_1
launch_runs impl_1 -to_step write_bitstream
wait_on_run impl_1
set_property PROBES.FILE {C:/Users/Lenovo/Desktop/linangame7/linan_game/project_2.runs/impl_1/debug_nets.ltx} [lindex [get_hw_devices] 0]
set_property PROGRAM.FILE {C:/Users/Lenovo/Desktop/linangame7/linan_game/project_2.runs/impl_1/top_soccer.bit} [lindex [get_hw_devices] 0]
program_hw_devices [lindex [get_hw_devices] 0]
refresh_hw_device [lindex [get_hw_devices] 0]
reset_run synth_1
launch_runs impl_1 -to_step write_bitstream
wait_on_run impl_1
set_property PROBES.FILE {C:/Users/Lenovo/Desktop/linangame7/linan_game/project_2.runs/impl_1/debug_nets.ltx} [lindex [get_hw_devices] 0]
set_property PROGRAM.FILE {C:/Users/Lenovo/Desktop/linangame7/linan_game/project_2.runs/impl_1/top_soccer.bit} [lindex [get_hw_devices] 0]
program_hw_devices [lindex [get_hw_devices] 0]
refresh_hw_device [lindex [get_hw_devices] 0]
reset_run impl_1 -prev_step 
launch_runs impl_1 -to_step write_bitstream
wait_on_run impl_1
reset_run synth_1
launch_runs impl_1 -to_step write_bitstream
wait_on_run impl_1
set_property PROBES.FILE {C:/Users/Lenovo/Desktop/linangame7/linan_game/project_2.runs/impl_1/debug_nets.ltx} [lindex [get_hw_devices] 0]
set_property PROGRAM.FILE {C:/Users/Lenovo/Desktop/linangame7/linan_game/project_2.runs/impl_1/top_soccer.bit} [lindex [get_hw_devices] 0]
program_hw_devices [lindex [get_hw_devices] 0]
refresh_hw_device [lindex [get_hw_devices] 0]
reset_run impl_1 -prev_step 
launch_runs impl_1 -to_step write_bitstream
wait_on_run impl_1
reset_run synth_1
launch_runs impl_1 -to_step write_bitstream
wait_on_run impl_1
set_property PROBES.FILE {C:/Users/Lenovo/Desktop/linangame7/linan_game/project_2.runs/impl_1/debug_nets.ltx} [lindex [get_hw_devices] 0]
set_property PROGRAM.FILE {C:/Users/Lenovo/Desktop/linangame7/linan_game/project_2.runs/impl_1/top_soccer.bit} [lindex [get_hw_devices] 0]
program_hw_devices [lindex [get_hw_devices] 0]
refresh_hw_device [lindex [get_hw_devices] 0]
